PS C:\Users\prtcl\Desktop\kadai> mkdir git_challenge                                                                           
       

    ディレクトリ: C:\Users\prtcl\Desktop\kadai


Mode                 LastWriteTime         Length Name
----                 -------------         ------ ----
d-----        2025/08/17      8:16                git_challenge


PS C:\Users\prtcl\Desktop\kadai> cd git_challenge     
PS C:\Users\prtcl\Desktop\kadai\git_challenge> echo "Hello, worllld!" >> hello_world.txt
PS C:\Users\prtcl\Desktop\kadai\git_challenge> git add hello_world.txt
fatal: not a git repository (or any of the parent directories): .git
PS C:\Users\prtcl\Desktop\kadai\git_challenge> git add git_challenge                                                           
fatal: not a git repository (or any of the parent directories): .git
PS C:\Users\prtcl\Desktop\kadai\git_challenge> git init
Initialized empty Git repository in C:/Users/prtcl/Desktop/kadai/git_challenge/.git/
PS C:\Users\prtcl\Desktop\kadai\git_challenge> git add git_challenge
fatal: pathspec 'git_challenge' did not match any files
PS C:\Users\prtcl\Desktop\kadai\git_challenge> git add hello_world.txt
PS C:\Users\prtcl\Desktop\kadai\git_challenge> echo "こんにちは、世界！" >> hello_world.txt    
PS C:\Users\prtcl\Desktop\kadai\git_challenge> git commit -m "2回目のコミットをします。"
[main (root-commit) 50cf37c] 2回目のコミットをします。
 1 file changed, 0 insertions(+), 0 deletions(-)
 create mode 100644 hello_world.txt
PS C:\Users\prtcl\Desktop\kadai\git_challenge> git log -p hello_world.txt                   
commit 50cf37c606cc60d1256e400c809febbc8579cbff (HEAD -> main)
Author: kyoko-matsumoto299 <prtclt.gon.55@gmail.com>
Date:   Sun Aug 17 08:31:48 2025 +0900

    2回目のコミットをします。

diff --git a/hello_world.txt b/hello_world.txt
new file mode 100644
index 0000000..de97f9b
Binary files /dev/null and b/hello_world.txt differ
PS C:\Users\prtcl\Desktop\kadai\git_challenge> 