PS C:\Users\prtcl\Desktop\kadai> cd git_challenge
PS C:\Users\prtcl\Desktop\kadai\git_challenge> echo "Hello, world!" >> hello_world.txt
PS C:\Users\prtcl\Desktop\kadai\git_challenge> git init
Initialized empty Git repository in C:/Users/prtcl/Desktop/kadai/git_challenge/.git/
PS C:\Users\prtcl\Desktop\kadai\git_challenge> git add hello_world.txt
PS C:\Users\prtcl\Desktop\kadai\git_challenge> git commit -m "hello_world.txtを追加"
[main (root-commit) ba02e48] hello_world.txtを追加
 1 file changed, 0 insertions(+), 0 deletions(-)
 create mode 100644 hello_world.txt
PS C:\Users\prtcl\Desktop\kadai\git_challenge> echo "こんにちは、世界！" >> hello_world.txt                                    
PS C:\Users\prtcl\Desktop\kadai\git_challenge> git add hello_world.txt
PS C:\Users\prtcl\Desktop\kadai\git_challenge> git commit -m "2回目のコミットをします。"
[main 5b253fb] 2回目のコミットをします。
 1 file changed, 0 insertions(+), 0 deletions(-)
PS C:\Users\prtcl\Desktop\kadai\git_challenge> git log --oneline hello_world.txt
5b253fb (HEAD -> main) 2回目のコミットをします。
ba02e48 hello_world.txtを追加